[
    {
        "children": [
            {
                "description": "TestFixture",
                "file": "./test/fixtures/testFixture.test.js",
                "methodType": "describe",
                "testBody": "",
                "children": [
                    {
                        "description": "function 1",
                        "file": "./test/fixtures/testFixture.test.js",
                        "methodType": "describe",
                        "testBody": "",
                        "children": [
                            {
                                "description": "should have a test",
                                "file": "./test/fixtures/testFixture.test.js",
                                "methodType": "it",
                                "testBody": "function() {\n            // this is a test\n        }"
                            },
                            {
                                "description": "should have another test",
                                "file": "./test/fixtures/testFixture.test.js",
                                "methodType": "it",
                                "testBody": "function() {\n            // this is a second test\n        }"
                            }
                        ]
                    },
                    {
                        "description": "function 2",
                        "file": "./test/fixtures/testFixture.test.js",
                        "methodType": "describe",
                        "testBody": "",
                        "children": [
                            {
                                "description": "should have a different test",
                                "file": "./test/fixtures/testFixture.test.js",
                                "methodType": "it",
                                "testBody": "function() {\n            // this is a test for function 2\n        }"
                            }
                        ]
                    }
                ]
            }
        ]
    },
    {
        "children": [
            {
                "description": "TestFixture",
                "file": "./test/fixtures/testFixture1.test.js",
                "methodType": "describe",
                "testBody": "",
                "children": [
                    {
                        "description": "function 3",
                        "file": "./test/fixtures/testFixture1.test.js",
                        "methodType": "describe",
                        "testBody": "",
                        "children": [
                            {
                                "description": "should have a test",
                                "file": "./test/fixtures/testFixture1.test.js",
                                "methodType": "it",
                                "testBody": "function() {\n            // this is a test\n        }"
                            },
                            {
                                "description": "should have another test",
                                "file": "./test/fixtures/testFixture1.test.js",
                                "methodType": "it",
                                "testBody": "function() {\n            // this is a second test\n        }"
                            }
                        ]
                    }
                ]
            }
        ]
    }
]
