[
    {
        "fileDescription": "TestFixture",
        "fileName": "TestFixture.html",
        "fileContent": "<html>\r\n\r\n<head>\r\n    <title>Mochadoc Test Documentation</title>\r\n\r\n    <link rel=\"stylesheet\" href=\"../assets/doc-style.css\" media=\"screen\">\r\n    <link rel=\"stylesheet\" href=\"../assets/github-gist.css\" media=\"screen\">\r\n</head>\r\n\r\n<body>\r\n    <header>\r\n        <a href=\"../index.html\"><span id=\"library-name\">My Project</span>\r\n        <span id=\"subtitle\">Mochadoc-Generated Test Documents</span></a>\r\n    </header>\r\n\r\n    <div class=\"content\">\r\n        <h1>TestFixture</h1>\r\n\r\n<ul>\r\n    <li>\r\n    <h3>function 3</h3>\r\n    <ul>\r\n        <ul>\r\n    <li>\r\n        <strong>should have a test</strong>\r\n    </li>\r\n    <li>File location: <span class=\"filename\">./test/fixtures/test-fixture.2.test.js</span></li>\r\n    <li class=\"code-sample-wrapper\">\r\n        <div class=\"code-expand\">\r\n            <a href=\"#\"></a>\r\n        </div>\r\n        <pre class=\"code-sample\">\r\n            <code>\r\n        function () {\n            // this is a test\n        }\r\n            </code>\r\n        </pre>\r\n    </li>\r\n</ul>\n<ul>\r\n    <li>\r\n        <strong>should have another test</strong>\r\n    </li>\r\n    <li>File location: <span class=\"filename\">./test/fixtures/test-fixture.2.test.js</span></li>\r\n    <li class=\"code-sample-wrapper\">\r\n        <div class=\"code-expand\">\r\n            <a href=\"#\"></a>\r\n        </div>\r\n        <pre class=\"code-sample\">\r\n            <code>\r\n        function () {\n            // this is a second test\n        }\r\n            </code>\r\n        </pre>\r\n    </li>\r\n</ul>\r\n    </ul>\r\n</li>\n<li>\r\n    <h3>function 4</h3>\r\n    <ul>\r\n        <strong>No tests in this block.</strong>\r\n    </ul>\r\n</li>\n<li>\r\n    <h3>something else</h3>\r\n    <ul>\r\n        <ul>\r\n    <li>\r\n        <strong>This is a Jest style test</strong>\r\n    </li>\r\n    <li>File location: <span class=\"filename\">./test/fixtures/test-fixture.2.test.js</span></li>\r\n    <li class=\"code-sample-wrapper\">\r\n        <div class=\"code-expand\">\r\n            <a href=\"#\"></a>\r\n        </div>\r\n        <pre class=\"code-sample\">\r\n            <code>\r\n        () &#x3D;&gt; {\n            const stuff &#x3D; 5;\n            assert(&#x27;foo&#x27; !&#x3D;&#x3D; stuff);\n        }\r\n            </code>\r\n        </pre>\r\n    </li>\r\n</ul>\n<ul>\r\n    <li>\r\n        <strong>/This is regex/</strong>\r\n    </li>\r\n    <li>File location: <span class=\"filename\">./test/fixtures/test-fixture.2.test.js</span></li>\r\n    <li class=\"code-sample-wrapper\">\r\n        <div class=\"code-expand\">\r\n            <a href=\"#\"></a>\r\n        </div>\r\n        <pre class=\"code-sample\">\r\n            <code>\r\n        () &#x3D;&gt; {\n            // a test with regex\n        }\r\n            </code>\r\n        </pre>\r\n    </li>\r\n</ul>\n<ul>\r\n    <li>\r\n        <strong>testTitleValue, () &#x3D;&gt; {</strong>\r\n    </li>\r\n    <li>File location: <span class=\"filename\">./test/fixtures/test-fixture.2.test.js</span></li>\r\n    <li class=\"code-sample-wrapper\">\r\n        <div class=\"code-expand\">\r\n            <a href=\"#\"></a>\r\n        </div>\r\n        <pre class=\"code-sample\">\r\n            <code>\r\n        () &#x3D;&gt; {\n\n        }\r\n            </code>\r\n        </pre>\r\n    </li>\r\n</ul>\n<ul>\r\n    <li>\r\n        <strong>testTitleValue + &#x27;a string&#x27;, () &#x3D;&gt; {</strong>\r\n    </li>\r\n    <li>File location: <span class=\"filename\">./test/fixtures/test-fixture.2.test.js</span></li>\r\n    <li class=\"code-sample-wrapper\">\r\n        <div class=\"code-expand\">\r\n            <a href=\"#\"></a>\r\n        </div>\r\n        <pre class=\"code-sample\">\r\n            <code>\r\n        () &#x3D;&gt; {\n\n        }\r\n            </code>\r\n        </pre>\r\n    </li>\r\n</ul>\n<ul>\r\n    <li>\r\n        <strong>&#x27;a string&#x27; + testTitleValue, () &#x3D;&gt; {</strong>\r\n    </li>\r\n    <li>File location: <span class=\"filename\">./test/fixtures/test-fixture.2.test.js</span></li>\r\n    <li class=\"code-sample-wrapper\">\r\n        <div class=\"code-expand\">\r\n            <a href=\"#\"></a>\r\n        </div>\r\n        <pre class=\"code-sample\">\r\n            <code>\r\n        () &#x3D;&gt; {\n\n        }\r\n            </code>\r\n        </pre>\r\n    </li>\r\n</ul>\r\n    </ul>\r\n</li>\n<li>\r\n    <h3>function 3</h3>\r\n    <ul>\r\n        <ul>\r\n    <li>\r\n        <strong>should have a test</strong>\r\n    </li>\r\n    <li>File location: <span class=\"filename\">./test/fixtures/testFixture.1.test.js</span></li>\r\n    <li class=\"code-sample-wrapper\">\r\n        <div class=\"code-expand\">\r\n            <a href=\"#\"></a>\r\n        </div>\r\n        <pre class=\"code-sample\">\r\n            <code>\r\n        function() {\n            // this is a test\n        }\r\n            </code>\r\n        </pre>\r\n    </li>\r\n</ul>\n<ul>\r\n    <li>\r\n        <strong>should have another test</strong>\r\n    </li>\r\n    <li>File location: <span class=\"filename\">./test/fixtures/testFixture.1.test.js</span></li>\r\n    <li class=\"code-sample-wrapper\">\r\n        <div class=\"code-expand\">\r\n            <a href=\"#\"></a>\r\n        </div>\r\n        <pre class=\"code-sample\">\r\n            <code>\r\n        function() {\n            // this is a second test\n        }\r\n            </code>\r\n        </pre>\r\n    </li>\r\n</ul>\r\n    </ul>\r\n</li>\r\n</ul>\r\n    </div>\r\n\r\n    <script src=\"../assets/code-collapse.js\"></script>\r\n    <script src=\"../assets/highlight.pack.js\"></script>\r\n    <script>hljs.initHighlightingOnLoad();</script>\r\n</body>\r\n\r\n</html>"
    },
    {
        "fileDescription": "TestFixture0",
        "fileName": "TestFixture0.html",
        "fileContent": "<html>\r\n\r\n<head>\r\n    <title>Mochadoc Test Documentation</title>\r\n\r\n    <link rel=\"stylesheet\" href=\"../assets/doc-style.css\" media=\"screen\">\r\n    <link rel=\"stylesheet\" href=\"../assets/github-gist.css\" media=\"screen\">\r\n</head>\r\n\r\n<body>\r\n    <header>\r\n        <a href=\"../index.html\"><span id=\"library-name\">My Project</span>\r\n        <span id=\"subtitle\">Mochadoc-Generated Test Documents</span></a>\r\n    </header>\r\n\r\n    <div class=\"content\">\r\n        <h1>TestFixture0</h1>\r\n\r\n<ul>\r\n    <li>\r\n    <h3>function 1</h3>\r\n    <ul>\r\n        <ul>\r\n    <li>\r\n        <strong>should have a test</strong>\r\n    </li>\r\n    <li>File location: <span class=\"filename\">./test/fixtures/testFixture.0.test.js</span></li>\r\n    <li class=\"code-sample-wrapper\">\r\n        <div class=\"code-expand\">\r\n            <a href=\"#\"></a>\r\n        </div>\r\n        <pre class=\"code-sample\">\r\n            <code>\r\n        function() {\n            // this is a test\n        }\r\n            </code>\r\n        </pre>\r\n    </li>\r\n</ul>\n<ul>\r\n    <li>\r\n        <strong>should have another test</strong>\r\n    </li>\r\n    <li>File location: <span class=\"filename\">./test/fixtures/testFixture.0.test.js</span></li>\r\n    <li class=\"code-sample-wrapper\">\r\n        <div class=\"code-expand\">\r\n            <a href=\"#\"></a>\r\n        </div>\r\n        <pre class=\"code-sample\">\r\n            <code>\r\n        function() {\n            // this is a second test\n        }\r\n            </code>\r\n        </pre>\r\n    </li>\r\n</ul>\r\n    </ul>\r\n</li>\n<li>\r\n    <h3>function 2</h3>\r\n    <ul>\r\n        <ul>\r\n    <li>\r\n        <strong>should have a different test</strong>\r\n    </li>\r\n    <li>File location: <span class=\"filename\">./test/fixtures/testFixture.0.test.js</span></li>\r\n    <li class=\"code-sample-wrapper\">\r\n        <div class=\"code-expand\">\r\n            <a href=\"#\"></a>\r\n        </div>\r\n        <pre class=\"code-sample\">\r\n            <code>\r\n        function() {\n            // this is a test for function 2\n        }\r\n            </code>\r\n        </pre>\r\n    </li>\r\n</ul>\r\n    </ul>\r\n</li>\r\n</ul>\r\n    </div>\r\n\r\n    <script src=\"../assets/code-collapse.js\"></script>\r\n    <script src=\"../assets/highlight.pack.js\"></script>\r\n    <script>hljs.initHighlightingOnLoad();</script>\r\n</body>\r\n\r\n</html>"
    },
    {
        "fileDescription": "",
        "fileName": "index.html",
        "fileContent": "<html>\r\n\r\n<head>\r\n    <title>Mochadoc Test Documentation</title>\r\n\r\n    <link rel=\"stylesheet\" href=\"./assets/doc-style.css\" media=\"screen\">\r\n    <link rel=\"stylesheet\" href=\"./assets/github-gist.css\" media=\"screen\">\r\n</head>\r\n\r\n<body>\r\n    <header>\r\n        <a href=\"./index.html\"><span id=\"library-name\">My Project</span>\r\n        <span id=\"subtitle\">Mochadoc-Generated Test Documents</span></a>\r\n    </header>\r\n\r\n    <div class=\"content\">\r\n        <h1>My Project</h1><ul>\n<li>\r\n    <h3><a href=\"./details/TestFixture.html\">TestFixture</a></h3>\r\n</li>\n<li>\r\n    <h3><a href=\"./details/TestFixture0.html\">TestFixture0</a></h3>\r\n</li>\n</ul>\r\n    </div>\r\n\r\n    <script src=\"./assets/code-collapse.js\"></script>\r\n    <script src=\"./assets/highlight.pack.js\"></script>\r\n    <script>hljs.initHighlightingOnLoad();</script>\r\n</body>\r\n\r\n</html>"
    }
]
