[
    {
        "children": [
            {
                "description": "TestFixture",
                "file": "./test/fixtures/test-fixture.2.test.js",
                "methodType": "describe",
                "testBody": "",
                "children": [
                    {
                        "description": "function 3",
                        "file": "./test/fixtures/test-fixture.2.test.js",
                        "methodType": "describe",
                        "testBody": "",
                        "children": [
                            {
                                "description": "should have a test",
                                "file": "./test/fixtures/test-fixture.2.test.js",
                                "methodType": "it",
                                "testBody": "function () {\n            // this is a test\n        }"
                            },
                            {
                                "description": "should have another test",
                                "file": "./test/fixtures/test-fixture.2.test.js",
                                "methodType": "it",
                                "testBody": "function () {\n            // this is a second test\n        }"
                            }
                        ]
                    },
                    {
                        "description": "function 4",
                        "file": "./test/fixtures/test-fixture.2.test.js",
                        "methodType": "describe",
                        "testBody": ""
                    },
                    {
                        "description": "something else",
                        "file": "./test/fixtures/test-fixture.2.test.js",
                        "methodType": "describe",
                        "testBody": "",
                        "children": [
                            {
                                "description": "This is a Jest style test",
                                "file": "./test/fixtures/test-fixture.2.test.js",
                                "methodType": "test",
                                "testBody": "() => {\n            const stuff = 5;\n            assert('foo' !== stuff);\n        }"
                            },
                            {
                                "description": "/This is regex/",
                                "file": "./test/fixtures/test-fixture.2.test.js",
                                "methodType": "it",
                                "testBody": "() => {\n            // a test with regex\n        }"
                            },
                            {
                                "description": "testTitleValue, () => {",
                                "file": "./test/fixtures/test-fixture.2.test.js",
                                "methodType": "it",
                                "testBody": "() => {\n\n        }"
                            },
                            {
                                "description": "testTitleValue + 'a string', () => {",
                                "file": "./test/fixtures/test-fixture.2.test.js",
                                "methodType": "it",
                                "testBody": "() => {\n\n        }"
                            },
                            {
                                "description": "'a string' + testTitleValue, () => {",
                                "file": "./test/fixtures/test-fixture.2.test.js",
                                "methodType": "it",
                                "testBody": "() => {\n\n        }"
                            }
                        ]
                    },
                    {
                        "description": "This is a test suite",
                        "file": "./test/fixtures/test-fixture.2.test.js",
                        "methodType": "suite",
                        "testBody": "",
                        "children": [
                            {
                                "description": "this is a tdd test",
                                "file": "./test/fixtures/test-fixture.2.test.js",
                                "methodType": "test",
                                "testBody": "() => {\n            // other stuff\n        }"
                            }
                        ]
                    }
                ]
            }
        ]
    },
    {
        "children": [
            {
                "description": "TestFixture0",
                "file": "./test/fixtures/testFixture.0.test.js",
                "methodType": "describe",
                "testBody": "",
                "children": [
                    {
                        "description": "function 1",
                        "file": "./test/fixtures/testFixture.0.test.js",
                        "methodType": "describe",
                        "testBody": "",
                        "children": [
                            {
                                "description": "should have a test",
                                "file": "./test/fixtures/testFixture.0.test.js",
                                "methodType": "it",
                                "testBody": "function() {\n            // this is a test\n        }"
                            },
                            {
                                "description": "should have another test",
                                "file": "./test/fixtures/testFixture.0.test.js",
                                "methodType": "it",
                                "testBody": "function() {\n            // this is a second test\n        }"
                            }
                        ]
                    },
                    {
                        "description": "function 2",
                        "file": "./test/fixtures/testFixture.0.test.js",
                        "methodType": "describe",
                        "testBody": "",
                        "children": [
                            {
                                "description": "should have a different test",
                                "file": "./test/fixtures/testFixture.0.test.js",
                                "methodType": "it",
                                "testBody": "function() {\n            // this is a test for function 2\n        }"
                            }
                        ]
                    }
                ]
            }
        ]
    },
    {
        "children": [
            {
                "description": "TestFixture",
                "file": "./test/fixtures/testFixture.1.test.js",
                "methodType": "describe",
                "testBody": "",
                "children": [
                    {
                        "description": "function 3",
                        "file": "./test/fixtures/testFixture.1.test.js",
                        "methodType": "describe",
                        "testBody": "",
                        "children": [
                            {
                                "description": "should have a test",
                                "file": "./test/fixtures/testFixture.1.test.js",
                                "methodType": "it",
                                "testBody": "function() {\n            // this is a test\n        }"
                            },
                            {
                                "description": "should have another test",
                                "file": "./test/fixtures/testFixture.1.test.js",
                                "methodType": "it",
                                "testBody": "function() {\n            // this is a second test\n        }"
                            }
                        ]
                    }
                ]
            }
        ]
    }
]
